// Jest Snapshot v1, https://goo.gl/fbAQLP

exports[`renders a Drink component 1`] = `
<div>
  <div
    class="drink "
  >
    <h1>
      mojito
    </h1>
    <h2 />
    <div
      class="add-drink"
    >
      +
    </div>
  </div>
</div>
`;
